2026-06-08 20:17:44 | 34666954246 | OK | Reformas Colombia
2026-06-08 20:19:27 | 34664164535 | OK | Instalaciones Pladur Huelva
2026-06-08 20:21:15 | 34642684907 | OK | Ronymax Aplicaciones
2026-06-08 20:27:56 | 34601182749 | OK | Reformas RAFA BAUTISTA
2026-06-08 20:29:52 | 34608320002 | OK | Huelvavista CONSTRUCCIONES Y REFORMAS
2026-06-08 20:31:19 | 34613499569 | OK | ReformasBR
2026-06-08 20:33:24 | 34603584573 | OK | Reforbien
2026-06-08 20:35:14 | 34655440109 | OK | REFORMAS Y CONST ENEBRALES
2026-06-08 20:47:24 | 34699969262 | OK | Construcciones Marquez Paredes S.L.
2026-06-08 20:49:14 | 34653540922 | OK | LOS PRIMOS CONSTRUCCIONES Y REFORMAS
2026-06-08 20:51:11 | 34653804950 | OK | Reformas Cordero
2026-06-08 20:52:41 | 34637605199 | OK | Área Feng Shui. Arquitectura, Decoración e Interiorismo Feng Shui. Servicio Online.
2026-06-08 20:54:02 | 34642736142 | OK | REFORMA Y PINTURA HUELVA
2026-06-08 21:05:50 | 34643660600 | OK | CM REFORMAS Y MULTISERVICIOS
2026-06-08 21:07:11 | 34628713339 | OK | Construcciones y Reformas Juan José Morgado
2026-06-08 21:08:37 | 34652500912 | OK | Marvaz - Instalaciones Eléctricas y Telecomunicaciones
2026-06-08 21:09:55 | 34657309328 | OK | Electricista En Huelva
2026-06-08 21:11:47 | 34653028424 | OK | Eléctrica Diego Pérez
2026-06-09 19:27:33 | 34643959348 | OK | Electricista huelva
2026-06-09 19:28:19 | 34628874361 | OK | ACH ELECTRICIDAD
2026-06-09 19:30:26 | 34667979790 | OK | TEYVA HUELVA
2026-06-09 19:31:55 | 34608609096 | OK | Instalaciones cascales
2026-06-09 19:33:15 | 34664411789 | OK | Eléctricos Escalante
2026-06-09 19:34:52 | 34609570604 | OK | ELECTROSUR CALENTADORES Y TERMOS DEL SUR S.L.U
2026-06-09 19:46:34 | 34633172963 | OK | Electricista punta Umbria
2026-06-09 19:48:37 | 34641506739 | OK | Fontanero Huelva león
2026-06-09 19:50:48 | 34615515107 | OK | Desatascos Tavira
2026-06-09 19:52:38 | 34672787779 | OK | Daiku Designs
2026-06-09 19:54:31 | 34618585756 | OK | Puertas Apolo
2026-06-09 20:06:03 | 34653896430 | OK | Carpinteria Quintero Plaza
2026-06-09 20:07:25 | 34665835138 | OK | Amaya María Carpintero
2026-06-09 20:09:28 | 34608500626 | OK | Tarimas Onuba Decoracion , C.B
2026-06-09 20:11:37 | 34627907534 | OK | Carpinteria F. Gomezg.
2026-06-09 20:13:43 | 34641180197 | OK | Pladur y escayola Huelva lepe islantilla
2026-06-09 20:25:01 | 34655606926 | OK | SERVÍ-FERRE
2026-06-09 20:26:26 | 34660468847 | OK | Construcciones Atlantico Lepe, S.L.
2026-06-09 20:27:58 | 34615107325 | OK | Grupo Inversiones Urbasur, S.L.
2026-06-09 20:29:36 | 34629761369 | OK | Arquitecta. María José García Rodríguez
2026-06-09 20:31:24 | 34657674890 | OK | Multiservicios Páez - Desatascos
