2026-05-29 11:20:31 | 34637570456 | OK | Bar Buena vida Huelva
2026-05-29 11:22:22 | 34666433052 | OK | Arroz y Brasa
2026-05-29 11:24:39 | 34680937644 | OK | Albero Gastro y Folklore
2026-05-29 11:26:36 | 34651658511 | OK | Bar La Estrella
2026-05-29 11:28:33 | 34652702211 | OK | Amor Amar Puerto
2026-05-29 11:40:47 | 34671929542 | OK | La tasquita de candela huelva
2026-05-29 11:42:17 | 34601034869 | OK | Restaurante Oraque
2026-05-29 11:44:25 | 34672078405 | OK | La Florida Centro
2026-05-29 11:46:31 | 34607973278 | OK | Asador La Bronce
2026-05-29 11:48:41 | 34692412136 | OK | El Mercado Ciudad del Marisco
2026-05-29 12:00:10 | 34661834474 | OK | Coma Tapas & Punto
2026-05-29 12:02:16 | 34671073310 | OK | Mar de Altura
2026-05-29 12:04:16 | 34695571794 | OK | La casa del guarda - Huelva
2026-05-29 12:06:33 | 34617448878 | OK | Bar restaurante El rincón de Ana
2026-05-29 12:08:26 | 34623447594 | OK | Bar Casa Hermandad
2026-05-29 12:20:14 | 34615658915 | OK | El Albero Gastrobar
2026-05-29 12:21:35 | 34608393306 | OK | Taberna Casa Revuelta "LA RINCONÁ ".
2026-05-29 12:23:26 | 34673349269 | OK | Cocedero de mariscos el tali
2026-05-29 12:24:48 | 34607974790 | OK | Las Candelas
2026-05-29 12:26:29 | 34637309859 | OK | Restaurante Brasería El Jinete
2026-05-29 14:00:09 | 34628642723 | OK | Restaurante Jamón Jamón
2026-05-29 14:02:13 | 34624278246 | OK | Burguer La Bella
2026-05-29 14:03:48 | 34622679525 | OK | Abaceria La Colonial
2026-05-29 14:05:48 | 34627985048 | OK | Pizzeria Burguer La Zone
2026-05-29 14:07:14 | 34695740283 | OK | El Patio de La Bohemia
2026-05-29 14:19:04 | 34625691924 | OK | Pub El Rencuentro
2026-05-29 14:20:56 | 34634210097 | OK | Café Bar Teatro
2026-05-29 14:23:07 | 34622812882 | OK | Taberna "El Encanto"
2026-05-29 14:25:18 | 34625370826 | OK | Taberna Niño Perea
2026-05-29 14:27:29 | 34665284759 | OK | CERVECERIA LOS JUNCOS
2026-05-29 14:39:11 | 34614296916 | OK | MESTIZO
2026-05-29 14:40:30 | 34633416435 | OK | La Martina Tapas y Vinos
2026-05-29 14:42:33 | 34643468426 | OK | Peña Madridista Dominio Blanco Almonte
2026-05-29 14:44:49 | 34620964321 | OK | Cerveceria el bolo
2026-05-29 14:46:59 | 34615413593 | OK | Peña Sevillista "Antonio Puerta"
2026-05-29 14:58:24 | 34615064505 | OK | Kebab Almonte Restaurante
2026-05-29 15:00:02 | 34643630562 | OK | Rincón Latino 🇪🇺🇪🇨🇪🇦🇨🇴🇪🇺
2026-05-29 15:01:59 | 34633017064 | OK | Mesón El Tomillar
2026-05-29 15:03:30 | 34722326000 | OK | Casino de la paz
2026-05-29 15:05:30 | 34642395868 | OK | Paco's Food, La Comida de Paco
2026-06-01 10:10:28 | 34744737139 | OK | La Tabernita
2026-06-01 10:11:48 | 34630614589 | OK | la venta de Carlos Parra
2026-06-01 10:13:57 | 34651609312 | OK | Peña Cultural Bética Manuel Ruiz de Lopera
2026-06-04 15:53:11 | 34643113520 | OK | Catering Pérez Pérez
2026-06-04 15:54:34 | 34641297566 | OK | Bar Dos bocao's
2026-06-04 15:55:54 | 34642383938 | OK | The Cavern
2026-06-04 15:57:48 | 34683413085 | OK | Bar-Taberna La Trocha
2026-06-04 15:59:39 | 34744755778 | OK | España Best Doner Kebab
2026-06-04 16:11:46 | 34622554966 | OK | Camino Sevilla
2026-06-04 16:13:08 | 34625690167 | OK | Restaurante La Rana
2026-06-04 16:15:01 | 34623618213 | OK | La Poncha
2026-06-04 16:16:57 | 34651358790 | OK | The AdriAnna's
2026-06-04 16:18:21 | 34657261020 | OK | Restaurante La Nueva Espuela
2026-06-04 16:29:56 | 34630268991 | OK | Restaurante Don Diego
2026-06-04 16:31:41 | 34608499303 | OK | La taperia leiva
2026-06-04 16:33:49 | 34623615646 | OK | DA Roberto 🇮🇹🍕💣🛵
2026-06-04 16:36:06 | 34606964909 | OK | Sede Rociera Hermandad Ayamonte
2026-06-04 16:38:04 | 34619647468 | OK | Restaurante La Purísima
2026-06-04 16:49:38 | 34603591494 | OK | Bar El Rincón del Gallúo
2026-06-04 16:51:30 | 34651607584 | OK | Restaurante Los Jardines de la Playa
2026-06-04 16:53:34 | 34661234554 | OK | Bar Albero Tapas
2026-06-04 16:55:47 | 34669122396 | OK | Bar Isabelo
2026-06-04 16:57:08 | 34600767453 | OK | Brasería Caladero
2026-06-05 19:56:04 | 34635157050 | OK | Aguasalá Cervecería
2026-06-05 19:57:49 | 34691794239 | OK | Peña Los Jarilleros
2026-06-05 19:59:57 | 34695241958 | OK | Bar Marinero
2026-06-05 20:02:02 | 34672637582 | OK | Taberna Victoria Tapas
2026-06-08 10:43:58 | 34615107230 | OK | El Garito del Patera
2026-06-08 10:46:07 | 34640635112 | OK | Fundido
2026-06-08 10:47:29 | 34672876089 | OK | Muelle Marina 15
2026-06-08 10:48:53 | 34658394309 | OK | Casa Pedro
2026-06-08 10:51:11 | 34667911638 | OK | Bar restaurante El Carmen Playa
2026-06-08 11:03:31 | 34601305820 | OK | La Esencia. Antigua Bodeguita de los Raposo
2026-06-08 11:05:45 | 34641397586 | OK | Bar restaurante Tapas Zenobia
2026-06-08 11:07:04 | 34624273030 | OK | Restaurante MisterCook moguer oficial
2026-06-08 11:09:21 | 34624230849 | OK | Pata Negra Moguer
2026-06-08 11:11:07 | 34693544386 | OK | Hnos. Mora Churrería-Asador De Pollos
2026-06-08 11:22:38 | 34652404341 | OK | Asador "El palacio del pollo"
2026-06-08 11:24:20 | 34635386260 | OK | Jamoneria Riqueza iberica
2026-06-08 11:25:55 | 34627137043 | OK | Bar Cervecería Salmuera
2026-06-08 11:28:10 | 34610836549 | OK | Pizzería 4 Amici
2026-06-08 11:29:46 | 34623227312 | OK | Restaurante Eat & GO - Fast food
2026-06-08 11:41:48 | 34685568854 | OK | Restaurante Gastrobar La Curiosidad
2026-06-08 11:43:30 | 34651629264 | OK | Bar de Tapas 🍺 Bar Rocío · Comida Casera Tradicional
2026-06-08 11:44:54 | 34686781577 | OK | Restaurante El Hogar del Pensionista
2026-06-08 11:46:24 | 34722725923 | OK | Nuevo Casino – Bar de tapas, Restaurante y Copas ✨
2026-06-08 11:47:54 | 34615417405 | OK | Bar Casa Gómez
